// Jest Snapshot v1, https://goo.gl/fbAQLP

exports[`<Heading /> should appropriately nest headings 1`] = `
<div
  data-testid="container"
>
  <h1
    class="sx03kze"
  >
    Heading level 1
  </h1>
  <h2
    class="sx03kze"
  >
    Heading level 2
  </h2>
  <h3
    class="sx03kze"
  >
    Heading level 3
  </h3>
  <h3
    class="sx03kze"
  >
    Heading level 3
  </h3>
  <h2
    class="sx03kze"
  >
    Heading level 2
  </h2>
</div>
`;

exports[`<Heading /> should render a h1 tag 1`] = `
<h1
  class="sx03kze"
>
  Foo
</h1>
`;
