// Jest Snapshot v1, https://goo.gl/fbAQLP

exports[`Sidebar should render 1`] = `
<body>
  <div>
    <div
      class="sc-bdfBwQ iuXHeX"
    >
      <nav
        class="MuiGrid-root MuiGrid-container MuiGrid-direction-xs-column"
      >
        <a
          class="sc-giIncl eNzbSH"
          href="/"
        >
          <svg
            height="24"
            role="presentation"
            width="24"
            xmlns="http://www.w3.org/2000/svg"
          >
            <path
              d="M0 0h24v24H0V0z"
              fill="none"
            />
            <path
              d="M12 5.69l5 4.5V18h-2v-6H9v6H7v-7.81l5-4.5M12 3L2 12h3v8h6v-6h2v6h6v-8h3L12 3z"
              fill="currentColor"
            />
          </svg>
          <span>
            Home
          </span>
        </a>
      </nav>
    </div>
  </div>
</body>
`;
