// Jest Snapshot v1, https://goo.gl/fbAQLP

exports[`Progress should render 1`] = `
<div
  aria-label="progressbar"
  aria-valuemax="100"
  aria-valuemin="0"
  aria-valuenow="50"
  aria-valuetext="50%"
  class="sc-bdfBwQ bsAUXi"
  data-max="100"
  data-state="loading"
  data-testid="Progress"
  data-value="50"
  role="progressbar"
>
  <div
    class="sc-gsTCUz Orzqi"
    data-max="100"
    data-state="loading"
    data-value="50"
    percent="66.66666666666666"
  />
</div>
`;
